[    0.000000] Linux version 4.15.0-47-generic (buildd@lgw01-amd64-001) (gcc version 7.3.0 (Ubuntu 7.3.0-16ubuntu3)) #50-Ubuntu SMP Wed Mar 13 10:44:52 UTC 2019 (Ubuntu 4.15.0-47.50-generic 4.15.18)
[    0.000000] Command line: BOOT_IMAGE=/boot/vmlinuz-4.15.0-47-generic root=LABEL=cloudimg-rootfs ro console=tty1 console=ttyS0
[    0.000000] KERNEL supported cpus:
[    0.000000]   Intel GenuineIntel
[    0.000000]   AMD AuthenticAMD
[    0.000000]   Centaur CentaurHauls
[    0.000000] x86/fpu: Supporting XSAVE feature 0x001: 'x87 floating point registers'
[    0.000000] x86/fpu: Supporting XSAVE feature 0x002: 'SSE registers'
[    0.000000] x86/fpu: Supporting XSAVE feature 0x004: 'AVX registers'
[    0.000000] x86/fpu: xstate_offset[2]:  576, xstate_sizes[2]:  256
[    0.000000] x86/fpu: Enabled xstate features 0x7, context size is 832 bytes, using 'standard' format.
[    0.000000] e820: BIOS-provided physical RAM map:
[    0.000000] BIOS-e820: [mem 0x0000000000000000-0x000000000009fbff] usable
[    0.000000] BIOS-e820: [mem 0x000000000009fc00-0x000000000009ffff] reserved
[    0.000000] BIOS-e820: [mem 0x00000000000f0000-0x00000000000fffff] reserved
[    0.000000] BIOS-e820: [mem 0x0000000000100000-0x000000003ffeffff] usable
[    0.000000] BIOS-e820: [mem 0x000000003fff0000-0x000000003fffffff] ACPI data
[    0.000000] BIOS-e820: [mem 0x00000000fec00000-0x00000000fec00fff] reserved
[    0.000000] BIOS-e820: [mem 0x00000000fee00000-0x00000000fee00fff] reserved
[    0.000000] BIOS-e820: [mem 0x00000000fffc0000-0x00000000ffffffff] reserved
[    0.000000] NX (Execute Disable) protection: active
[    0.000000] SMBIOS 2.5 present.
[    0.000000] DMI: innotek GmbH VirtualBox/VirtualBox, BIOS VirtualBox 12/01/2006
[    0.000000] Hypervisor detected: KVM
[    0.000000] e820: last_pfn = 0x3fff0 max_arch_pfn = 0x400000000
[    0.000000] MTRR: Disabled
[    0.000000] x86/PAT: MTRRs disabled, skipping PAT initialization too.
[    0.000000] CPU MTRRs all blank - virtualized system.
[    0.000000] x86/PAT: Configuration [0-7]: WB  WT  UC- UC  WB  WT  UC- UC  
[    0.000000] found SMP MP-table at [mem 0x0009fff0-0x0009ffff] mapped at [        (ptrval)]
[    0.000000] Scanning 1 areas for low memory corruption
[    0.000000] RAMDISK: [mem 0x359c5000-0x36cd9fff]
[    0.000000] ACPI: Early table checksum verification disabled
[    0.000000] ACPI: RSDP 0x00000000000E0000 000024 (v02 VBOX  )
[    0.000000] ACPI: XSDT 0x000000003FFF0030 00003C (v01 VBOX   VBOXXSDT 00000001 ASL  00000061)
[    0.000000] ACPI: FACP 0x000000003FFF00F0 0000F4 (v04 VBOX   VBOXFACP 00000001 ASL  00000061)
[    0.000000] ACPI: DSDT 0x000000003FFF0470 0021FF (v02 VBOX   VBOXBIOS 00000002 INTL 20100528)
[    0.000000] ACPI: FACS 0x000000003FFF0200 000040
[    0.000000] ACPI: FACS 0x000000003FFF0200 000040
[    0.000000] ACPI: APIC 0x000000003FFF0240 000054 (v02 VBOX   VBOXAPIC 00000001 ASL  00000061)
[    0.000000] ACPI: SSDT 0x000000003FFF02A0 0001CC (v01 VBOX   VBOXCPUT 00000002 INTL 20100528)
[    0.000000] No NUMA configuration found
[    0.000000] Faking a node at [mem 0x0000000000000000-0x000000003ffeffff]
[    0.000000] NODE_DATA(0) allocated [mem 0x3ffc5000-0x3ffeffff]
[    0.000000] kvm-clock: cpu 0, msr 0:3ff44001, primary cpu clock
[    0.000000] kvm-clock: Using msrs 4b564d01 and 4b564d00
[    0.000000] kvm-clock: using sched offset of 5607192150 cycles
[    0.000000] clocksource: kvm-clock: mask: 0xffffffffffffffff max_cycles: 0x1cd42e4dffb, max_idle_ns: 881590591483 ns
[    0.000000] Zone ranges:
[    0.000000]   DMA      [mem 0x0000000000001000-0x0000000000ffffff]
[    0.000000]   DMA32    [mem 0x0000000001000000-0x000000003ffeffff]
[    0.000000]   Normal   empty
[    0.000000]   Device   empty
[    0.000000] Movable zone start for each node
[    0.000000] Early memory node ranges
[    0.000000]   node   0: [mem 0x0000000000001000-0x000000000009efff]
[    0.000000]   node   0: [mem 0x0000000000100000-0x000000003ffeffff]
[    0.000000] Reserved but unavailable: 114 pages
[    0.000000] Initmem setup node 0 [mem 0x0000000000001000-0x000000003ffeffff]
[    0.000000] ACPI: PM-Timer IO Port: 0x4008
[    0.000000] IOAPIC[0]: apic_id 1, version 32, address 0xfec00000, GSI 0-23
[    0.000000] ACPI: INT_SRC_OVR (bus 0 bus_irq 0 global_irq 2 dfl dfl)
[    0.000000] ACPI: INT_SRC_OVR (bus 0 bus_irq 9 global_irq 9 low level)
[    0.000000] Using ACPI (MADT) for SMP configuration information
[    0.000000] smpboot: Allowing 1 CPUs, 0 hotplug CPUs
[    0.000000] PM: Registered nosave memory: [mem 0x00000000-0x00000fff]
[    0.000000] PM: Registered nosave memory: [mem 0x0009f000-0x0009ffff]
[    0.000000] PM: Registered nosave memory: [mem 0x000a0000-0x000effff]
[    0.000000] PM: Registered nosave memory: [mem 0x000f0000-0x000fffff]
[    0.000000] e820: [mem 0x40000000-0xfebfffff] available for PCI devices
[    0.000000] Booting paravirtualized kernel on KVM
[    0.000000] clocksource: refined-jiffies: mask: 0xffffffff max_cycles: 0xffffffff, max_idle_ns: 7645519600211568 ns
[    0.000000] random: get_random_bytes called from start_kernel+0x99/0x4fd with crng_init=0
[    0.000000] setup_percpu: NR_CPUS:8192 nr_cpumask_bits:1 nr_cpu_ids:1 nr_node_ids:1
[    0.000000] percpu: Embedded 46 pages/cpu @        (ptrval) s151552 r8192 d28672 u2097152
[    0.000000] PV qspinlock hash table entries: 256 (order: 0, 4096 bytes)
[    0.000000] Built 1 zonelists, mobility grouping on.  Total pages: 257913
[    0.000000] Policy zone: DMA32
[    0.000000] Kernel command line: BOOT_IMAGE=/boot/vmlinuz-4.15.0-47-generic root=LABEL=cloudimg-rootfs ro console=tty1 console=ttyS0
[    0.000000] Memory: 983228K/1048120K available (12300K kernel code, 2473K rwdata, 4252K rodata, 2408K init, 2416K bss, 64892K reserved, 0K cma-reserved)
[    0.000000] SLUB: HWalign=64, Order=0-3, MinObjects=0, CPUs=1, Nodes=1
[    0.000000] Kernel/User page tables isolation: enabled
[    0.000000] ftrace: allocating 39206 entries in 154 pages
[    0.004000] Hierarchical RCU implementation.
[    0.004000] 	RCU restricting CPUs from NR_CPUS=8192 to nr_cpu_ids=1.
[    0.004000] 	Tasks RCU enabled.
[    0.004000] RCU: Adjusting geometry for rcu_fanout_leaf=16, nr_cpu_ids=1
[    0.004000] NR_IRQS: 524544, nr_irqs: 256, preallocated irqs: 16
[    0.004000] Console: colour VGA+ 80x25
[    0.004000] console [tty1] enabled
[    0.004000] console [ttyS0] enabled
[    0.004000] ACPI: Core revision 20170831
[    0.004000] ACPI: 2 ACPI AML tables successfully acquired and loaded
[    0.004000] APIC: Switch to symmetric I/O mode setup
[    0.008374] x2apic enabled
[    0.012008] Switched APIC routing to physical x2apic.
[    0.016981] ..TIMER: vector=0x30 apic1=0 pin1=2 apic2=-1 pin2=-1
[    0.020003] tsc: Detected 2711.998 MHz processor
[    0.021448] Calibrating delay loop (skipped) preset value.. 5423.99 BogoMIPS (lpj=10847992)
[    0.024004] pid_max: default: 32768 minimum: 301
[    0.025300] Security Framework initialized
[    0.026429] Yama: becoming mindful.
[    0.028025] AppArmor: AppArmor initialized
[    0.032046] Dentry cache hash table entries: 131072 (order: 8, 1048576 bytes)
[    0.036088] Inode-cache hash table entries: 65536 (order: 7, 524288 bytes)
[    0.040033] Mount-cache hash table entries: 2048 (order: 2, 16384 bytes)
[    0.044016] Mountpoint-cache hash table entries: 2048 (order: 2, 16384 bytes)
[    0.048491] mce: CPU supports 0 MCE banks
[    0.050359] process: using mwait in idle threads
[    0.052014] Last level iTLB entries: 4KB 64, 2MB 8, 4MB 8
[    0.056007] Last level dTLB entries: 4KB 64, 2MB 0, 4MB 0, 1GB 4
[    0.060011] Spectre V2 : Mitigation: Full generic retpoline
[    0.064006] Spectre V2 : Spectre v2 / SpectreRSB mitigation: Filling RSB on context switch
[    0.068004] Speculative Store Bypass: Vulnerable
[    0.090531] Freeing SMP alternatives memory: 36K
[    0.100000] smpboot: CPU0: Intel(R) Core(TM) i7-6820HQ CPU @ 2.70GHz (family: 0x6, model: 0x5e, stepping: 0x3)
[    0.100087] Performance Events: unsupported p6 CPU model 94 no PMU driver, software events only.
[    0.104073] Hierarchical SRCU implementation.
[    0.112655] NMI watchdog: Perf event create on CPU 0 failed with -2
[    0.116007] NMI watchdog: Perf NMI watchdog permanently disabled
[    0.120065] smp: Bringing up secondary CPUs ...
[    0.124008] smp: Brought up 1 node, 1 CPU
[    0.128003] smpboot: Max logical packages: 1
[    0.129633] smpboot: Total of 1 processors activated (5423.99 BogoMIPS)
[    0.131630] devtmpfs: initialized
[    0.132054] x86/mm: Memory block size: 128MB
[    0.133890] evm: security.selinux
[    0.136011] evm: security.SMACK64
[    0.140008] evm: security.SMACK64EXEC
[    0.144010] evm: security.SMACK64TRANSMUTE
[    0.148007] evm: security.SMACK64MMAP
[    0.149203] evm: security.apparmor
[    0.152003] evm: security.ima
[    0.152979] evm: security.capability
[    0.156196] clocksource: jiffies: mask: 0xffffffff max_cycles: 0xffffffff, max_idle_ns: 7645041785100000 ns
[    0.160030] futex hash table entries: 256 (order: 2, 16384 bytes)
[    0.164081] pinctrl core: initialized pinctrl subsystem
[    0.168184] RTC time: 21:04:32, date: 04/14/19
[    0.172112] NET: Registered protocol family 16
[    0.176083] audit: initializing netlink subsys (disabled)
[    0.180159] cpuidle: using governor ladder
[    0.184007] audit: type=2000 audit(1555275877.822:1): state=initialized audit_enabled=0 res=1
[    0.188017] cpuidle: using governor menu
[    0.189594] ACPI: bus type PCI registered
[    0.192009] acpiphp: ACPI Hot Plug PCI Controller Driver version: 0.5
[    0.195228] PCI: Using configuration type 1 for base access
[    0.200623] HugeTLB registered 2.00 MiB page size, pre-allocated 0 pages
[    0.208225] ACPI: Added _OSI(Module Device)
[    0.212011] ACPI: Added _OSI(Processor Device)
[    0.216009] ACPI: Added _OSI(3.0 _SCP Extensions)
[    0.220008] ACPI: Added _OSI(Processor Aggregator Device)
[    0.224020] ACPI: Added _OSI(Linux-Dell-Video)
[    0.228010] ACPI: Added _OSI(Linux-Lenovo-NV-HDMI-Audio)
[    0.231533] ACPI: Added _OSI(Linux-HPI-Hybrid-Graphics)
[    0.232589] ACPI: Executed 1 blocks of module-level executable AML code
[    0.243322] ACPI: Interpreter enabled
[    0.244015] ACPI: (supports S0 S5)
[    0.245024] ACPI: Using IOAPIC for interrupt routing
[    0.248244] PCI: Using host bridge windows from ACPI; if necessary, use "pci=nocrs" and report a bug
[    0.252309] ACPI: Enabled 2 GPEs in block 00 to 07
[    0.266643] ACPI: PCI Root Bridge [PCI0] (domain 0000 [bus 00-ff])
[    0.268020] acpi PNP0A03:00: _OSC: OS supports [ASPM ClockPM Segments MSI]
[    0.272069] acpi PNP0A03:00: _OSC: not requesting OS control; OS requires [ExtendedConfig ASPM ClockPM MSI]
[    0.276065] acpi PNP0A03:00: fail to add MMCONFIG information, can't access extended PCI configuration space under this bridge.
[    0.284506] PCI host bridge to bus 0000:00
[    0.288012] pci_bus 0000:00: root bus resource [io  0x0000-0x0cf7 window]
[    0.292012] pci_bus 0000:00: root bus resource [io  0x0d00-0xffff window]
[    0.296011] pci_bus 0000:00: root bus resource [mem 0x000a0000-0x000bffff window]
[    0.300004] pci_bus 0000:00: root bus resource [mem 0x40000000-0xfdffffff window]
[    0.304012] pci_bus 0000:00: root bus resource [bus 00-ff]
[    0.316064] pci 0000:00:01.1: legacy IDE quirk: reg 0x10: [io  0x01f0-0x01f7]
[    0.320010] pci 0000:00:01.1: legacy IDE quirk: reg 0x14: [io  0x03f6]
[    0.324011] pci 0000:00:01.1: legacy IDE quirk: reg 0x18: [io  0x0170-0x0177]
[    0.328010] pci 0000:00:01.1: legacy IDE quirk: reg 0x1c: [io  0x0376]
[    0.370318] pci 0000:00:07.0: quirk: [io  0x4000-0x403f] claimed by PIIX4 ACPI
[    0.372045] pci 0000:00:07.0: quirk: [io  0x4100-0x410f] claimed by PIIX4 SMB
[    0.394896] ACPI: PCI Interrupt Link [LNKA] (IRQs 5 9 10 *11)
[    0.400156] ACPI: PCI Interrupt Link [LNKB] (IRQs 5 9 *10 11)
[    0.404217] ACPI: PCI Interrupt Link [LNKC] (IRQs 5 *9 10 11)
[    0.408217] ACPI: PCI Interrupt Link [LNKD] (IRQs 5 9 10 *11)
[    0.412632] SCSI subsystem initialized
[    0.416188] pci 0000:00:02.0: vgaarb: setting as boot VGA device
[    0.420000] pci 0000:00:02.0: vgaarb: VGA device added: decodes=io+mem,owns=io+mem,locks=none
[    0.420009] pci 0000:00:02.0: vgaarb: bridge control possible
[    0.421872] vgaarb: loaded
[    0.423019] ACPI: bus type USB registered
[    0.424037] usbcore: registered new interface driver usbfs
[    0.425565] usbcore: registered new interface driver hub
[    0.427020] usbcore: registered new device driver usb
[    0.428130] EDAC MC: Ver: 3.0.0
[    0.433085] PCI: Using ACPI for IRQ routing
[    0.436844] NetLabel: Initializing
[    0.440007] NetLabel:  domain hash size = 128
[    0.444006] NetLabel:  protocols = UNLABELED CIPSOv4 CALIPSO
[    0.448034] NetLabel:  unlabeled traffic allowed by default
[    0.449901] clocksource: Switched to clocksource kvm-clock
[    0.467683] VFS: Disk quotas dquot_6.6.0
[    0.487218] VFS: Dquot-cache hash table entries: 512 (order 0, 4096 bytes)
[    0.491130] AppArmor: AppArmor Filesystem Enabled
[    0.493667] pnp: PnP ACPI init
[    0.497221] pnp: PnP ACPI: found 3 devices
[    0.531577] clocksource: acpi_pm: mask: 0xffffff max_cycles: 0xffffff, max_idle_ns: 2085701024 ns
[    0.541348] NET: Registered protocol family 2
[    0.549351] TCP established hash table entries: 8192 (order: 4, 65536 bytes)
[    0.618516] TCP bind hash table entries: 8192 (order: 5, 131072 bytes)
[    0.622672] TCP: Hash tables configured (established 8192 bind 8192)
[    0.635702] UDP hash table entries: 512 (order: 2, 16384 bytes)
[    0.643071] UDP-Lite hash table entries: 512 (order: 2, 16384 bytes)
[    0.649805] NET: Registered protocol family 1
[    0.665928] pci 0000:00:00.0: Limiting direct PCI/PCI transfers
[    0.687586] pci 0000:00:01.0: Activating ISA DMA hang workarounds
[    0.723360] pci 0000:00:02.0: Video device with shadowed ROM at [mem 0x000c0000-0x000dffff]
[    0.741196] Unpacking initramfs...
[    1.117729] Freeing initrd memory: 19540K
[    1.148280] platform rtc_cmos: registered platform RTC device (no PNP device found)
[    1.150643] Scanning for low memory corruption every 60 seconds
[    1.161023] Initialise system trusted keyrings
[    1.170779] Key type blacklist registered
[    1.188456] workingset: timestamp_bits=36 max_order=18 bucket_order=0
[    1.191176] zbud: loaded
[    1.192452] squashfs: version 4.0 (2009/01/31) Phillip Lougher
[    1.199323] fuse init (API version 7.26)
[    1.201050] Key type asymmetric registered
[    1.204879] Asymmetric key parser 'x509' registered
[    1.238887] Block layer SCSI generic (bsg) driver version 0.4 loaded (major 246)
[    1.259836] io scheduler noop registered
[    1.268019] io scheduler deadline registered
[    1.271215] io scheduler cfq registered (default)
[    1.274146] ACPI: AC Adapter [AC] (on-line)
[    1.275656] input: Power Button as /devices/LNXSYSTM:00/LNXPWRBN:00/input/input0
[    1.278619] ACPI: Power Button [PWRF]
[    1.280135] input: Sleep Button as /devices/LNXSYSTM:00/LNXSLPBN:00/input/input1
[    1.283148] ACPI: Sleep Button [SLPF]
[    1.287054] ACPI: Battery Slot [BAT0] (battery present)
[    1.289914] virtio-pci 0000:00:08.0: virtio_pci: leaving for legacy driver
[    1.293341] Serial: 8250/16550 driver, 32 ports, IRQ sharing enabled
[    1.325196] 00:02: ttyS0 at I/O 0x3f8 (irq = 4, base_baud = 115200) is a 16550A
[    1.329924] Linux agpgart interface v0.103
[    1.332638] loop: module loaded
[    1.334434] scsi host0: ata_piix
[    1.335756] scsi host1: ata_piix
[    1.337003] ata1: PATA max UDMA/33 cmd 0x1f0 ctl 0x3f6 bmdma 0xd000 irq 14
[    1.339457] ata2: PATA max UDMA/33 cmd 0x170 ctl 0x376 bmdma 0xd008 irq 15
[    1.342229] libphy: Fixed MDIO Bus: probed
[    1.344874] tun: Universal TUN/TAP device driver, 1.6
[    1.346429] PPP generic driver version 2.4.2
[    1.347656] ehci_hcd: USB 2.0 'Enhanced' Host Controller (EHCI) Driver
[    1.401872] ehci-pci: EHCI PCI platform driver
[    1.403845] ehci-platform: EHCI generic platform driver
[    1.405447] ohci_hcd: USB 1.1 'Open' Host Controller (OHCI) Driver
[    1.407735] ohci-pci: OHCI PCI platform driver
[    1.458950] ohci-platform: OHCI generic platform driver
[    1.506068] ata1.00: ATAPI: VBOX CD-ROM, 1.0, max UDMA/133
[    1.545200] uhci_hcd: USB Universal Host Controller Interface driver
[    1.547000] i8042: PNP: PS/2 Controller [PNP0303:PS2K,PNP0f03:PS2M] at 0x60,0x64 irq 1,12
[    1.595154] ata1.00: configured for UDMA/33
[    1.596813] scsi 0:0:0:0: CD-ROM            VBOX     CD-ROM           1.0  PQ: 0 ANSI: 5
[    1.632916] serio: i8042 KBD port at 0x60,0x64 irq 1
[    1.636545] serio: i8042 AUX port at 0x60,0x64 irq 12
[    1.638009] mousedev: PS/2 mouse device common for all mice
[    1.639723] input: AT Translated Set 2 keyboard as /devices/platform/i8042/serio0/input/input2
[    1.642455] rtc_cmos rtc_cmos: rtc core: registered rtc_cmos as rtc0
[    1.668179] rtc_cmos rtc_cmos: alarms up to one day, 114 bytes nvram
[    1.698979] i2c /dev entries driver
[    1.744805] pcie_mp2_amd: AMD(R) PCI-E MP2 Communication Driver Version: 1.0
[    1.800941] sr 0:0:0:0: [sr0] scsi3-mmc drive: 32x/32x xa/form2 tray
[    1.803756] cdrom: Uniform CD-ROM driver Revision: 3.20
[    1.815401] device-mapper: uevent: version 1.0.3
[    1.818458] device-mapper: ioctl: 4.37.0-ioctl (2017-09-20) initialised: dm-devel@redhat.com
[    1.854877] sr 0:0:0:0: Attached scsi generic sg0 type 5
[    1.885651] ledtrig-cpu: registered to indicate activity on CPUs
[    1.887489] intel_pmc_core:  initialized
[    1.888823] NET: Registered protocol family 10
[    1.896365] Segment Routing with IPv6
[    1.903687] NET: Registered protocol family 17
[    1.905221] Key type dns_resolver registered
[    1.906784] RAS: Correctable Errors collector initialized.
[    1.908320] sched_clock: Marking stable (1908297077, 0)->(4260537027, -2352239950)
[    1.923186] registered taskstats version 1
[    1.959331] Loading compiled-in X.509 certificates
[    1.981552] Loaded X.509 cert 'Build time autogenerated kernel key: 7211859d1298c08a101905a3cb814e8c7b4bf4a4'
[    2.014238] zswap: loaded using pool lzo/zbud
[    2.061513] Key type big_key registered
[    2.093481] Key type trusted registered
[    2.097118] Key type encrypted registered
[    2.148326] AppArmor: AppArmor sha1 policy hashing enabled
[    2.150218] ima: No TPM chip found, activating TPM-bypass! (rc=-19)
[    2.153253] ima: Allocated hash algorithm: sha1
[    2.154583] evm: HMAC attrs: 0x1
[    2.155979]   Magic number: 15:779:95
[    2.194798] tsc: Refined TSC clocksource calibration: 2713.240 MHz
[    2.229026] clocksource: tsc: mask: 0xffffffffffffffff max_cycles: 0x271c19d9441, max_idle_ns: 440795320467 ns
[    2.246285] rtc_cmos rtc_cmos: setting system clock to 2019-04-14 21:04:35 UTC (1555275875)
[    2.295073] BIOS EDD facility v0.16 2004-Jun-25, 0 devices found
[    2.296757] EDD information not available.
[    2.300488] Freeing unused kernel memory: 2408K
[    2.320744] Write protecting the kernel read-only data: 20480k
[    2.386728] Freeing unused kernel memory: 2008K
[    2.403513] Freeing unused kernel memory: 1892K
[    2.417187] x86/mm: Checked W+X mappings: passed, no W+X pages found.
[    2.420151] x86/mm: Checking user space page tables
[    2.430793] x86/mm: Checked W+X mappings: passed, no W+X pages found.
Loading, please wait...
starting version 237
[    2.542017] e1000: Intel(R) PRO/1000 Network Driver - version 7.3.21-k8-NAPI
[    2.595454] e1000: Copyright (c) 1999-2006 Intel Corporation.
[    2.602791] Fusion MPT base driver 3.04.20
[    2.619127] Copyright (c) 1999-2008 LSI Corporation
[    2.666851] AVX2 version of gcm_enc/dec engaged.
[    2.728104] AES CTR mode by8 optimization enabled
[    2.774423] virtio_net virtio0 enp0s8: renamed from eth0
[    2.798037] vboxvideo: loading out-of-tree module taints kernel.
[    2.800695] vboxvideo: module verification failed: signature and/or required key missing - tainting kernel
[    2.807689] [drm] VRAM 08000000
[    2.812473] [TTM] Zone  kernel: Available graphics memory: 504556 kiB
[    2.886061] [TTM] Initializing pool allocator
[    2.888396] random: fast init done
[    2.889563] input: ImExPS/2 Generic Explorer Mouse as /devices/platform/i8042/serio1/input/input4
[    2.892003] random: systemd-udevd: uninitialized urandom read (16 bytes read)
[    2.898958] Fusion MPT SPI Host driver 3.04.20
[    2.924193] random: systemd-udevd: uninitialized urandom read (16 bytes read)
[    2.938537] random: systemd-udevd: uninitialized urandom read (16 bytes read)
[    2.941614] [TTM] Initializing DMA pool allocator
[    2.945943] fbcon: vboxdrmfb (fb0) is primary device
[    2.949376] Console: switching to colour frame buffer device 100x37
[    2.995412] vboxvideo 0000:00:02.0: fb0: vboxdrmfb frame buffer device
[    2.997178] [drm] Initialized vboxvideo 1.0.0 20130823 for 0000:00:02.0 on minor 0
[    3.466758] e1000 0000:00:03.0 eth0: (PCI:33MHz:32-bit) 02:06:00:4b:33:e4
[    3.469472] e1000 0000:00:03.0 eth0: Intel(R) PRO/1000 Network Connection
[    3.489755] mptbase: ioc0: Initiating bringup
[    3.625274] ioc0: LSI53C1030 A0: Capabilities={Initiator}
[    3.889369] scsi host2: ioc0: LSI53C1030 A0, FwRev=00000000h, Ports=1, MaxQ=256, IRQ=20
[    4.056699] scsi 2:0:0:0: Direct-Access     VBOX     HARDDISK         1.0  PQ: 0 ANSI: 5
[    4.101122] scsi target2:0:0: Beginning Domain Validation
[    4.104620] scsi target2:0:0: Domain Validation skipping write tests
[    4.106265] scsi target2:0:0: Ending Domain Validation
[    4.107853] scsi target2:0:0: asynchronous
[    4.109486] scsi 2:0:1:0: Direct-Access     VBOX     HARDDISK         1.0  PQ: 0 ANSI: 5
[    4.111582] scsi target2:0:1: Beginning Domain Validation
[    4.113860] scsi target2:0:1: Domain Validation skipping write tests
[    4.142639] scsi target2:0:1: Ending Domain Validation
[    4.157448] scsi target2:0:1: asynchronous
[    4.319140] sd 2:0:0:0: Attached scsi generic sg1 type 0
[    4.346311] sd 2:0:0:0: [sda] 20971520 512-byte logical blocks: (10.7 GB/10.0 GiB)
[    4.354376] sd 2:0:0:0: [sda] Write Protect is off
[    4.401266] sd 2:0:1:0: Attached scsi generic sg2 type 0
[    4.442001] sd 2:0:0:0: [sda] Incomplete mode parameter data
[    4.451983] sd 2:0:0:0: [sda] Assuming drive cache: write through
[    4.535342] sd 2:0:1:0: [sdb] 20480 512-byte logical blocks: (10.5 MB/10.0 MiB)
[    4.547825] sd 2:0:1:0: [sdb] Write Protect is off
[    4.646710] sd 2:0:1:0: [sdb] Incomplete mode parameter data
[    4.667378] sd 2:0:1:0: [sdb] Assuming drive cache: write through
[    4.722408]  sda: sda1
[    4.724689] sd 2:0:0:0: [sda] Attached SCSI disk
[    4.737553] sd 2:0:1:0: [sdb] Attached SCSI disk
[    4.953928] e1000 0000:00:09.0 eth1: (PCI:33MHz:32-bit) 08:00:27:34:53:9d
[    4.988636] e1000 0000:00:09.0 eth1: Intel(R) PRO/1000 Network Connection
[    4.992020] e1000 0000:00:09.0 enp0s9: renamed from eth1
[    5.004399] e1000 0000:00:03.0 enp0s3: renamed from eth0
Begin: Loading essential drivers ... [    5.176798] raid6: sse2x1   gen() 10464 MB/s
[    5.252912] raid6: sse2x1   xor()  7645 MB/s
[    5.342390] raid6: sse2x2   gen() 13367 MB/s
[    5.392502] raid6: sse2x2   xor()  8507 MB/s
[    5.484199] raid6: sse2x4   gen() 14976 MB/s
[    5.548493] raid6: sse2x4   xor()  9286 MB/s
[    5.640154] raid6: avx2x1   gen() 20851 MB/s
[    5.692849] raid6: avx2x1   xor() 15683 MB/s
[    5.772177] raid6: avx2x2   gen() 25064 MB/s
[    5.840317] raid6: avx2x2   xor() 11138 MB/s
[    5.888021] raid6: avx2x4   gen() 25084 MB/s
[    5.945497] raid6: avx2x4   xor() 18787 MB/s
[    5.955085] raid6: using algorithm avx2x4 gen() 25084 MB/s
[    5.957825] raid6: .... xor() 18787 MB/s, rmw enabled
[    5.996606] raid6: using avx2x2 recovery algorithm
[    6.000896] xor: automatically using best checksumming function   avx       
[    6.033762] async_tx: api initialized (async)
done.
Begin: Running /scripts/init-premount ... done[    6.098208] Btrfs loaded, crc32c=crc32c-intel
.
Begin: Mounting root file system ... Begin: Running /scripts/local-top ... done.
Begin: Running /scripts/local-premount ... Scanning for Btrfs filesystems
done.
Warning: fsck no[    6.209553] EXT4-fs (sda1): INFO: recovery required on readonly filesystem
t present, so sk[    6.301273] EXT4-fs (sda1): write access will be enabled during recovery
ipping root file system
[    6.427582] EXT4-fs (sda1): recovery complete
[    6.446872] EXT4-fs (sda1): mounted filesystem with ordered data mode. Opts: (null)
done.
Begin: Running /scripts/local-bottom ... done.
Begin: Running /scripts/init-bottom ... done.
[    6.655030] ip_tables: (C) 2000-2006 Netfilter Core Team
[    6.687244] systemd[1]: systemd 237 running in system mode. (+PAM +AUDIT +SELINUX +IMA +APPARMOR +SMACK +SYSVINIT +UTMP +LIBCRYPTSETUP +GCRYPT +GNUTLS +ACL +XZ +LZ4 +SECCOMP +BLKID +ELFUTILS +KMOD -IDN2 +IDN -PCRE2 default-hierarchy=hybrid)
[    6.738359] systemd[1]: Detected virtualization oracle.
[    6.739934] systemd[1]: Detected architecture x86-64.

Welcome to [1mUbuntu 18.04.2 LTS[0m!

[    6.748273] systemd[1]: Set hostname to <worker5>.
[    7.054646] random: crng init done
[    7.076739] random: 7 urandom warning(s) missed due to ratelimiting
[    7.185037] systemd[1]: Reached target System Time Synchronized.
[[0;32m  OK  [0m] Reached target System Time Synchronized.
[    7.189641] systemd[1]: Created slice System Slice.
[[0;32m  OK  [0m] Created slice System Slice.
[    7.193047] systemd[1]: Listening on udev Kernel Socket.
[[0;32m  OK  [0m] Listening on udev Kernel Socket.
[    7.220944] systemd[1]: Listening on Network Service Netlink Socket.
[[0;32m  OK  [0m] Listening on Network Service Netlink Socket.
[    7.290616] systemd[1]: Listening on Journal Audit Socket.
[[0;32m  OK  [0m] Listening on Journal Audit Socket.
[    7.312978] systemd[1]: Created slice system-serial\x2dgetty.slice.
[[0;32m  OK  [0m] Created slice system-serial\x2dgetty.slice.
[[0;32m  OK  [0m] Listening on /dev/initctl Compatibility Named Pipe.
[[0;32m  OK  [0m] Listening on Journal Socket (/dev/log).
[[0;32m  OK  [0m] Reached target User and Group Name Lookups.
[[0;32m  OK  [0m] Created slice User and Session Slice.
[[0;32m  OK  [0m] Reached target Slices.
[[0;32m  OK  [0m] Listening on Journal Socket.
         Mounting Kernel Debug File System...
         Starting Remount Root and Kernel File Systems...
         Starting Uncompl[    7.546948] EXT4-fs (sda1): re-mounted. Opts: (null)
icated firewall...
         Starting Set the console keyboard layout...
         Mounting POSIX Message Queue File System...
         Starting Create list of required stâ€¦ce nodes for the current kernel...
[[0;32m  OK  [0m] Listening on Device-mapper event daemon FIFOs.
[[0;32m  OK  [0m] Listening on Syslog Socket.
[[0;32m  OK  [0m] Reached target Swap.
[[0;32m  OK  [0m] Set up automount Arbitrary Executabâ€¦rmats File System Automount Point.
[[0;32m  OK  [0m] Listening on LVM2 poll daemon socket.
[[0;32m  OK  [0m] Listening on LVM2 metadata daemon socket.
         Starting Monitoring of LVM2 mirrorsâ€¦ng dmeventd or progress polling...
         Starting Journal Service...
[[0;32m  OK  [0m] Listening on udev Control Socket.
         Starting udev Coldplug all Devices...
[[0;32m  OK  [0m] Started Forward Password Requests to Wall Directory Watch.
         Starting Load Kernel Modules...
         Mounting Huge Pages File System...
[[0;32m  OK  [0m] Mounted Kernel Debug File System.
[[0;32m  OK  [0[    7.816296] Loading iSCSI transport class v2.0-870.
m] Started Remount Root and Kernel File Systems.
[[0;32m  OK  [0m] Started Uncomplicated firewall.
[[0;32m  OK  [0m] Mounted POSIX Message Queue File System.
[[0;32m  OK  [0m] Started Create list of required staâ€¦vice nodes for the current kernel.
[[0;32m  OK  [0m] Mounted Huge Pages File System.
[[0;32m  OK  [0m] Started LVM2 metadata daemon.
         Starting Create Static Device Nodes in /dev...
         Starting Load/Save Random Seed...
         Starting Initial cloud-init job (pre-networking)...
[    7.929763] iscsi: registered transport (tcp)
[[0;32m  OK  [0m] Started Journal Service.
[[0;32m  OK  [0m] Started Monitoring of LVM2 mirrors,â€¦sing dmeventd or progress polling.
[[0;32m  OK  [0m] Started Create Static Device Nodes in /dev.
[[0;32m  OK  [0m] Started udev Coldplug all Devices.
[[0;32m  OK  [0m] Started Load/Save Random Seed.
         Starting udev Kernel Device Manager...
         Starting Flush Journal to Persistent Storage...
[    8.114804] iscsi: registered transport (iser)
[[0;32m  OK  [0m] Started Load Kernel Modules.
         Mounting Kernel Configuration File System...
         Mounting FUSE Control File System...
         Starting Apply Kernel Variables...
[[0;32m  OK  [0m] Mounted Kernel Configuration File System.
[[0;32m  OK  [0m] Mounted FUSE Control File System.
[[0;32m  OK  [0m] Started udev Kernel Device Manager.
[    8.216429] systemd-journald[423]: Received request to flush runtime journal from PID 1
[[0;32m  OK  [0m] Started Apply Kernel Variables.
[[0;32m  OK  [0m] Started Flush Journal to Persistent Storage.
[[0;32m  OK  [0m] Found device /dev/ttyS0.
[[0;32m  OK  [0m] Listening on Load/Save RF Kill Switch Status /dev/rfkill Watch.
[[0;32m  OK  [0m] Started Set the console keyboard layout.
[[0;32m  OK  [0m] Reached target Local File Systems (Pre).
[[0;32m  OK  [0m] Reached target Local File Systems.
         Starting Tell Plymouth To Write Out Runtime Data...
         Starting Set console font and keymap...
         Starting Create Volatile Files and Directories...
         Starting ebtables ruleset management...
         Starting AppArmor initialization...
[[0;32m  OK  [0m] Started Dispatch Password Requests to Console Directory Watch.
[[0;32m  OK  [0m] Reached target Local Encrypted Volumes.
[[0;32m  OK  [0m] Started Tell Plymouth To Write Out Runtime Data.
[[0;32m  OK  [0m] Started Set console font and keymap.
[[0;32m  OK  [0m] Started Create Volatile Files and Directories.
         Starting Update UTMP about System Boot/Shutdown...
[[0;32m  OK  [0m] Started ebtables ruleset management.
[   10.339241] cloud-init[433]: Cloud-init v. 18.5-45-g3554ffe8-0ubuntu1~18.04.1 running 'init-local' at Sun, 14 Apr 2019 21:04:43 +0000. Up 9.84 seconds.[[0;32m  OK  [0m] Started Update UTMP about System Boot/Shutdown.

[[0;32m  OK  [0m] Started AppArmor initialization.
[[0;32m  OK  [0m] Started Initial cloud-init job (pre-networking).
[[0;32m  OK  [0m] Reached target Network (Pre).
         Starting Network Service...
[[0;32m  OK  [0m] Started Network Service.
         Starting Wait for Network to be Configured...
         Starting Network Name Resolution...
[[0;32m  OK  [0m] Started Network Name Resolution.
[[0;32m  OK  [0m] Reached target Network.
[[0;32m  OK  [0m] Reached target Host and Network Name Lookups.
[[0;32m  OK  [0m] Started Wait for Network to be Configured.
         Starting Initial cloud-init job (metadata service crawler)...
[   13.091962] cloud-init[726]: Cloud-init v. 18.5-45-g3554ffe8-0ubuntu1~18.04.1 running 'init' at Sun, 14 Apr 2019 21:04:46 +0000. Up 12.93 seconds.
[   13.152321] cloud-init[726]: ci-info: ++++++++++++++++++++++++++++++++++++++Net device info+++++++++++++++++++++++++++++++++++++++
[   13.161443] cloud-init[726]: ci-info: +--------+------+-----------------------------+---------------+--------+-------------------+
[   13.184155] cloud-init[726]: ci-info: | Device |  Up  |           Address           |      Mask     | Scope  |     Hw-Address    |
[   13.189314] cloud-init[726]: ci-info: +--------+------+-----------------------------+---------------+--------+-------------------+
[   13.197728] cloud-init[726]: ci-info: | enp0s3 | True |          10.0.2.15          | 255.255.255.0 | global | 02:06:00:4b:33:e4 |
[   13.237620] cloud-init[726]: ci-info: | enp0s3 | True |   fe80::6:ff:fe4b:33e4/64   |       .       |  link  | 02:06:00:4b:33:e4 |
[   13.248864] cloud-init[726]: ci-info: | enp0s8 | True |        192.168.60.105       | 255.255.255.0 | global | 08:00:27:98:ee:9b |
[   13.252359] cloud-init[726]: ci-info: | enp0s8 | True | fe80::a00:27ff:fe98:ee9b/64 |       .       |  link  | 08:00:27:98:ee:9b |
[   13.296702] cloud-init[726]: ci-info: | enp0s9 | True |        192.168.10.195       | 255.255.255.0 | global | 08:00:27:34:53:9d |
[[0;32m  OK  [0m] Started Initial cloud-init job (metadata service crawler).
[[0;32m  OK  [0m] Reached target System Initialization.
[   13.351165] cloud-init[726]: ci-info: | enp0s9 | True | fe80::a00:27ff:fe34:539d/64 |       .       |  link  | 08:00:27:34:53:9d |
[   13.441000] cloud-init[726]: ci-info: |   lo   | True |          127.0.0.1          |   255.0.0.0   |  host  |         .         |
[[   13.464217] cloud-init[726]: ci-info: |   lo   | True |           ::1/128           |       .       |  host  |         .         |
[   13.464923] cloud-init[726]: ci-info: +--------+------+-----------------------------+---------------+--------+-------------------+
[   13.464976] cloud-init[726]: ci-info: +++++++++++++++++++++++++++++++Route IPv4 info+++++++++++++++++++++++++++++++
[   13.465027] cloud-init[726]: ci-info: +-------+--------------+--------------+-----------------+-----------+-------+
[   13.465070] cloud-init[726]: ci-info: | Route | Destination  |   Gateway    |     Genmask     | Interface | Flags |
[   13.465121] cloud-init[726]: ci-info: +-------+--------------+--------------+-----------------+-----------+-------+
[   13.465164] cloud-init[726]: ci-info: |   0   |   0.0.0.0    |   10.0.2.2   |     0.0.0.0     |   enp0s3  |   UG  |
[   13.465204] cloud-init[726]: ci-info: |   1   |   0.0.0.0    | 192.168.10.1 |     0.0.0.0     |   enp0s9  |   UG  |
[   13.465300] cloud-init[726]: ci-info: |   2   |   10.0.2.0   |   0.0.0.0    |  255.255.255.0  |   enp0s3  |   U   |
[   13.465346] cloud-init[726]: ci-info: |   3   |   10.0.2.2   |   0.0.0.0    | 255.255.255.255 |   enp0s3  |   UH  |
[   13.465388] cloud-init[726]: ci-info: |   4   | 192.168.10.0 |   0.0.0.0    |  255.255.255.0  |   enp0s9  |   U   |
[   13.465433] cloud-init[726]: ci-info: |   5   | 192.168.10.1 |   0.0.0.0    | 255.255.255.255 |   enp0s9  |   UH  |
[   13.465477] cloud-init[726]: ci-info: |   6   | 192.168.60.0 |   0.0.0.0    |  255.255.255.0  |   enp0s8  |   U   |
[   13.465520] cloud-init[726]: ci-info: +-------+--------------+--------------+-----------------+-----------+-------+
[   13.465560] cloud-init[726]: ci-info: +++++++++++++++++++Route IPv6 info+++++++++++++++++++
[   13.465609] cloud-init[726]: ci-info: +-------+-------------+---------+-----------+-------+
[   13.465650] cloud-init[726]: ci-info: | Route | Destination | Gateway | Interface | Flags |
[   13.465694] cloud-init[726]: ci-info: +-------+-------------+---------+-----------+-------+
[   13.465734] cloud-init[726]: ci-info: |   1   |  fe80::/64  |    ::   |   enp0s9  |   U   |
[   13.465774] cloud-init[726]: ci-info: |   2   |  fe80::/64  |    ::   |   enp0s8  |   U   |
[   13.465818] cloud-init[726]: ci-info: |   3   |  fe80::/64  |    ::   |   enp0s3  |   U   |
[   13.465943] cloud-init[726]: ci-info: |   5   |    local    |    ::   |   enp0s3  |   U   |
[   13.465985] cloud-init[726]: ci-info: |   6   |    local    |    ::   |   enp0s9  |   U   |
[   13.466025] cloud-init[726]: ci-info: |   7   |    local    |    ::   |   enp0s8  |   U   |
[   13.466065] cloud-init[726]: ci-info: |   8   |   ff00::/8  |    ::   |   enp0s9  |   U   |
[   13.466105] cloud-init[726]: ci-info: |   9   |   ff00::/8  |    ::   |   enp0s8  |   U   |
[   13.466144] cloud-init[726]: ci-info: |   10  |   ff00::/8  |    ::   |   enp0s3  |   U   |
[   13.466184] cloud-init[726]: ci-info: +-------+-------------+---------+-----------+-------+
[0;32m  OK  [0m] Started Discard unused blocks once a week.
[[0;32m  OK  [0m] Started Message of the Day.
[[0;32m  OK  [0m] Listening on ACPID Listen Socket.
[[0;32m  OK  [0m] Listening on Open-iSCSI iscsid Socket.
[[0;32m  OK  [0m] Listening on D-Bus System Message Bus Socket.
[[0;32m  OK  [0m] Listening on UUID daemon activation socket.
         Starting Socket activation for snappy daemon.
         Starting LXD - unix socket.
[[0;32m  OK  [0m] Started Daily Cleanup of Temporary Directories.
[[0;32m  OK  [0m] Started ACPI Events Check.
[[0;32m  OK  [0m] Reached target Paths.
[[0;32m  OK  [0m] Started Daily apt download activities.
[[0;32m  OK  [0m] Started Daily apt upgrade and clean activities.
[[0;32m  OK  [0m] Reached target Timers.
[[0;32m  OK  [0m] Reached target Network is Online.
         Starting Availability of block devices...
[[0;32m  OK  [0m] Reached target Remote File Systems (Pre).
[[0;32m  OK  [0m] Reached target Remote File Systems.
[[0;32m  OK  [0m] Reached target Cloud-config availability.
[[0;32m  OK  [0m] Listening on Socket activation for snappy daemon.
[[0;32m  OK  [0m] Listening on LXD - unix socket.
[[0;32m  OK  [0m] Started Availability of block devices.
[[0;32m  OK  [0m] Reached target Sockets.
[[0;32m  OK  [0m] Reached target Basic System.
         Starting LSB: Record successful boot for GRUB...
         Starting Dispatcher daemon for systemd-networkd...
[[0;32m  OK  [0m] Started Regular background program processing daemon.
[[0;32m  OK  [0m] Started Deferred execution scheduler.
         Starting vboxadd.service...
         Starting Login Service...
         Starting Permit User Sessions...
[[0;32m  OK  [0m] Started D-Bus System Message Bus.
[[0;32m  OK  [0m] Started Login Service.
[[0;32m  OK  [0m] Started Unattended Upgrades Shutdown.
[[0;32m  OK  [0m] Started irqbalance daemon.
         Starting Snappy daemon...
         Starting LXD - container startup/shutdown...
         Starting LSB: automatic crash report generation...
[[0;32m  OK  [0m] Started FUSE filesystem for LXC.
         Starting OpenBSD Secure Shell server...
         Starting Accounts Service...
         Starting System Logging Service...
[[0;32m  OK  [0m] Started Dispatcher daemon for systemd-networkd.
[[0;32m  OK  [0m] Started System Logging Service.
[[0;32m  OK  [0m] Started Permit User Sessions.
         Starting Terminate Plymouth Boot Screen...
         Starting Hold until boot process finishes up...
[[0;32m  OK  [0m] Started Terminate Plymouth Boot Screen.
[[0;32m  OK  [0m] Started Hold until boot process finishes up.
[[0;32m  OK  [0m] Started Serial Getty on ttyS0.
         Starting Set console scheme...
         Starting Authorization Manager...
[[0;32m  OK  [0m] Started Set console scheme.
[[0;32m  OK  [0m] Created slice system-getty.slice.
[[0;32m  OK  [0m] Started Getty on tty1.
[[0;32m  OK  [0m] Reached target Login Prompts.
[[0;32m  OK  [0m] Started LSB: automatic crash report generation.
[[0;32m  OK  [0m] Started OpenBSD Secure Shell server.
[[0;32m  OK  [0m] Started Authorization Manager.
[[0;32m  OK  [0m] Started Accounts Service.
[[0;32m  OK  [0m] Started LXD - container startup/shutdown.
[[0;32m  OK  [0m] Started LSB: Record successful boot for GRUB.
[[0;32m  OK  [0m] Started Snappy daemon.
         Starting Wait until snapd is fully seeded...
[[0;32m  OK  [0m] Started Wait until snapd is fully seeded.
         Starting Apply the settings specified in cloud-config...
[[0;32m  OK  [0m] Created slice User Slice of vagrant.
         Starting User Manager for UID 1000...
[[0;32m  OK  [0m] Started Session 1 of user vagrant.
[[0;32m  OK  [0m] Started User Manager for UID 1000.
[[0;32m  OK  [0m] Started vboxadd.service.
         Starting vboxadd-service.service...
[[0;32m  OK  [0m] Started vboxadd-service.service.
[[0;32m  OK  [0m] Reached target Multi-User System.
[[0;32m  OK  [0m] Reached target Graphical Interface.
         Starting Update UTMP about System Runlevel Changes...
[[0;32m  OK  [0m] Started Update UTMP about System Runlevel Changes.
[   16.588613] cloud-init[987]: Cloud-init v. 18.5-45-g3554ffe8-0ubuntu1~18.04.1 running 'modules:config' at Sun, 14 Apr 2019 21:04:49 +0000. Up 16.47 seconds.
[[0;32m  OK  [0m] Started Apply the settings specified in cloud-config.
         Starting Execute cloud user/final scripts...
[   17.295788] cloud-init[1203]: Cloud-init v. 18.5-45-g3554ffe8-0ubuntu1~18.04.1 running 'modules:final' at Sun, 14 Apr 2019 21:04:50 +0000. Up 17.14 seconds.
[   17.381637] cloud-init[1203]: Cloud-init v. 18.5-45-g3554ffe8-0ubuntu1~18.04.1 finished at Sun, 14 Apr 2019 21:04:50 +0000. Datasource DataSourceNoCloud [seed=/dev/sdb][dsmode=net].  Up 17.27 seconds
[[0;32m  OK  [0m] Started Execute cloud user/final scripts.
[[0;32m  OK  [0m] Reached target Cloud-init target.

Ubuntu 18.04.2 LTS worker5 ttyS0

worker5 login: 